{
  "version": "1.5.0",
  "plugins_used": [
    {
      "name": "ArtifactoryDetector"
    },
    {
      "name": "AWSKeyDetector"
    },
    {
      "name": "AzureStorageKeyDetector"
    },
    {
      "name": "Base64HighEntropyString",
      "limit": 4.5
    },
    {
      "name": "BasicAuthDetector"
    },
    {
      "name": "CloudantDetector"
    },
    {
      "name": "DiscordBotTokenDetector"
    },
    {
      "name": "GitHubTokenDetector"
    },
    {
      "name": "GitLabTokenDetector"
    },
    {
      "name": "HexHighEntropyString",
      "limit": 3.0
    },
    {
      "name": "IbmCloudIamDetector"
    },
    {
      "name": "IbmCosHmacDetector"
    },
    {
      "name": "IPPublicDetector"
    },
    {
      "name": "JwtTokenDetector"
    },
    {
      "name": "KeywordDetector",
      "keyword_exclude": ""
    },
    {
      "name": "MailchimpDetector"
    },
    {
      "name": "NpmDetector"
    },
    {
      "name": "OpenAIDetector"
    },
    {
      "name": "PrivateKeyDetector"
    },
    {
      "name": "PypiTokenDetector"
    },
    {
      "name": "SendGridDetector"
    },
    {
      "name": "SlackDetector"
    },
    {
      "name": "SoftlayerDetector"
    },
    {
      "name": "SquareOAuthDetector"
    },
    {
      "name": "StripeDetector"
    },
    {
      "name": "TelegramBotTokenDetector"
    },
    {
      "name": "TwilioKeyDetector"
    }
  ],
  "filters_used": [
    {
      "path": "detect_secrets.filters.allowlist.is_line_allowlisted"
    },
    {
      "path": "detect_secrets.filters.common.is_baseline_file",
      "filename": ".secrets.baseline"
    },
    {
      "path": "detect_secrets.filters.common.is_ignored_due_to_verification_policies",
      "min_level": 2
    },
    {
      "path": "detect_secrets.filters.heuristic.is_indirect_reference"
    },
    {
      "path": "detect_secrets.filters.heuristic.is_likely_id_string"
    },
    {
      "path": "detect_secrets.filters.heuristic.is_lock_file"
    },
    {
      "path": "detect_secrets.filters.heuristic.is_not_alphanumeric_string"
    },
    {
      "path": "detect_secrets.filters.heuristic.is_potential_uuid"
    },
    {
      "path": "detect_secrets.filters.heuristic.is_prefixed_with_dollar_sign"
    },
    {
      "path": "detect_secrets.filters.heuristic.is_sequential_string"
    },
    {
      "path": "detect_secrets.filters.heuristic.is_swagger_file"
    },
    {
      "path": "detect_secrets.filters.heuristic.is_templated_secret"
    },
    {
      "path": "detect_secrets.filters.regex.should_exclude_file",
      "pattern": [
        "uv\\.lock"
      ]
    }
  ],
  "results": {
    ".env.example": [
      {
        "type": "Basic Auth Credentials",
        "filename": ".env.example",
        "hashed_secret": "96d197b5ed14c1acad095d02424915db1225b4f7",
        "is_verified": false,
        "line_number": 20
      }
    ],
    ".github/workflows/ee.yml": [
      {
        "type": "Secret Keyword",
        "filename": ".github/workflows/ee.yml",
        "hashed_secret": "6f509d16a348cdd63ba795bd9d63ed93a059b58b",
        "is_verified": false,
        "line_number": 34
      },
      {
        "type": "Basic Auth Credentials",
        "filename": ".github/workflows/ee.yml",
        "hashed_secret": "8256c3a7ce261be7d27f5e2427444fc3f90a0dda",
        "is_verified": false,
        "line_number": 43
      },
      {
        "type": "Basic Auth Credentials",
        "filename": ".github/workflows/ee.yml",
        "hashed_secret": "14eaa21229d7469e91b7d1b00df73211a38cc4fe",
        "is_verified": false,
        "line_number": 44
      }
    ],
    "benchmarks/results/small/0.1.0.json": [
      {
        "type": "Hex High Entropy String",
        "filename": "benchmarks/results/small/0.1.0.json",
        "hashed_secret": "a94de96ce14ff3dae61f539b725dad54262cf28c",
        "is_verified": false,
        "line_number": 7
      },
      {
        "type": "Hex High Entropy String",
        "filename": "benchmarks/results/small/0.1.0.json",
        "hashed_secret": "d06c2df8491102f4c0304aa144ab9a3e33ce7259",
        "is_verified": false,
        "line_number": 49
      },
      {
        "type": "Hex High Entropy String",
        "filename": "benchmarks/results/small/0.1.0.json",
        "hashed_secret": "aace34cdf3f0593488a1a80d66fcd739bf53f61f",
        "is_verified": false,
        "line_number": 54
      }
    ],
    "deploy/helm/kind-smoke.sh": [
      {
        "type": "Secret Keyword",
        "filename": "deploy/helm/kind-smoke.sh",
        "hashed_secret": "a4f6c0081affd91776a8882e6dc5995f9548f99d",
        "is_verified": false,
        "line_number": 40
      },
      {
        "type": "Basic Auth Credentials",
        "filename": "deploy/helm/kind-smoke.sh",
        "hashed_secret": "14eaa21229d7469e91b7d1b00df73211a38cc4fe",
        "is_verified": false,
        "line_number": 42
      },
      {
        "type": "Basic Auth Credentials",
        "filename": "deploy/helm/kind-smoke.sh",
        "hashed_secret": "8256c3a7ce261be7d27f5e2427444fc3f90a0dda",
        "is_verified": false,
        "line_number": 47
      }
    ],
    "deploy/helm/tycheon/values.yaml": [
      {
        "type": "Secret Keyword",
        "filename": "deploy/helm/tycheon/values.yaml",
        "hashed_secret": "2a0ad64adcd8049de354610fab6ae44b98b58662",
        "is_verified": false,
        "line_number": 32
      },
      {
        "type": "Secret Keyword",
        "filename": "deploy/helm/tycheon/values.yaml",
        "hashed_secret": "103a3e4dda2126585328ca3ce96f698a9a984c18",
        "is_verified": false,
        "line_number": 52
      },
      {
        "type": "Secret Keyword",
        "filename": "deploy/helm/tycheon/values.yaml",
        "hashed_secret": "b0cb0e75dcd4a882362060802c5ccd1b6035ba0c",
        "is_verified": false,
        "line_number": 80
      }
    ],
    "deploy/terraform/gcp/main.tf": [
      {
        "type": "Secret Keyword",
        "filename": "deploy/terraform/gcp/main.tf",
        "hashed_secret": "7f5fa57d5653db0c5e3d89b539549e7cb7ed5a42",
        "is_verified": false,
        "line_number": 42
      },
      {
        "type": "Secret Keyword",
        "filename": "deploy/terraform/gcp/main.tf",
        "hashed_secret": "4fb5c5a05adb66813aa75709fb7bc8f8ff90f7b3",
        "is_verified": false,
        "line_number": 62
      }
    ],
    "ee/dashboard/tests/one-time-secret.test.tsx": [
      {
        "type": "Secret Keyword",
        "filename": "ee/dashboard/tests/one-time-secret.test.tsx",
        "hashed_secret": "36ec1d8e10b3cd1b441822fe076e4c71b0cfe9b2",
        "is_verified": false,
        "line_number": 17
      }
    ],
    "ee/scripts/acceptance_t5.py": [
      {
        "type": "Secret Keyword",
        "filename": "ee/scripts/acceptance_t5.py",
        "hashed_secret": "98decc62ece399a22ed30d490ef333be7fde7385",
        "is_verified": false,
        "line_number": 122
      }
    ],
    "ee/tests/conftest.py": [
      {
        "type": "Secret Keyword",
        "filename": "ee/tests/conftest.py",
        "hashed_secret": "98decc62ece399a22ed30d490ef333be7fde7385",
        "is_verified": false,
        "line_number": 215
      }
    ],
    "ee/tests/test_api.py": [
      {
        "type": "Secret Keyword",
        "filename": "ee/tests/test_api.py",
        "hashed_secret": "1b7d9fadcb2bda9fc6fbe5b07cbe42887c0406a2",
        "is_verified": false,
        "line_number": 34
      },
      {
        "type": "Secret Keyword",
        "filename": "ee/tests/test_api.py",
        "hashed_secret": "98decc62ece399a22ed30d490ef333be7fde7385",
        "is_verified": false,
        "line_number": 47
      },
      {
        "type": "Secret Keyword",
        "filename": "ee/tests/test_api.py",
        "hashed_secret": "a0f4ea7d91495df92bbac2e2149dfb850fe81396",
        "is_verified": false,
        "line_number": 57
      },
      {
        "type": "Secret Keyword",
        "filename": "ee/tests/test_api.py",
        "hashed_secret": "6d54c1c99e43fc0c93835b3ba66bb36b88c9167c",
        "is_verified": false,
        "line_number": 293
      },
      {
        "type": "Secret Keyword",
        "filename": "ee/tests/test_api.py",
        "hashed_secret": "da87356d4c801a517635e501654310fd8d1e4407",
        "is_verified": false,
        "line_number": 312
      }
    ],
    "ee/tests/test_sso.py": [
      {
        "type": "Secret Keyword",
        "filename": "ee/tests/test_sso.py",
        "hashed_secret": "d5287b93cba7a0263675fc3d7a9e8b5889907f5c",
        "is_verified": false,
        "line_number": 96
      },
      {
        "type": "Basic Auth Credentials",
        "filename": "ee/tests/test_sso.py",
        "hashed_secret": "1a91d62f7ca67399625a4368a6ab5d4a3baa6073",
        "is_verified": false,
        "line_number": 204
      }
    ],
    "third_party/kronos/UPSTREAM.json": [
      {
        "type": "Hex High Entropy String",
        "filename": "third_party/kronos/UPSTREAM.json",
        "hashed_secret": "f798c9050462360e32f0b5451e3d47760e8a7750",
        "is_verified": false,
        "line_number": 3,
        "is_secret": false
      },
      {
        "type": "Hex High Entropy String",
        "filename": "third_party/kronos/UPSTREAM.json",
        "hashed_secret": "11cc51d66c33dbae459a92372682dbcad323899f",
        "is_verified": false,
        "line_number": 8,
        "is_secret": false
      },
      {
        "type": "Hex High Entropy String",
        "filename": "third_party/kronos/UPSTREAM.json",
        "hashed_secret": "0781b205557076d60fd4230b90a89a3845dd2e9f",
        "is_verified": false,
        "line_number": 9,
        "is_secret": false
      },
      {
        "type": "Hex High Entropy String",
        "filename": "third_party/kronos/UPSTREAM.json",
        "hashed_secret": "aba68c056e2f7c0ef39cdb7fca621b8b161fa4a9",
        "is_verified": false,
        "line_number": 10,
        "is_secret": false
      }
    ]
  },
  "generated_at": "2026-10-07T22:03:49Z"
}
